[revomac.in/index.html]
[backblue.gif]
[fade.gif]
[index.html]
[www.revomac.in/vendor/rs-plugin/css/settings.css]
[www.revomac.in/vendor/rs-plugin/css/layers.css]
[www.revomac.in/assets/frontend/images/frans.png]
[www.revomac.in/assets/frontend/images/fev-icon.png]
[www.revomac.in/assets/frontend/css/bootstrap.css]
[www.revomac.in/assets/frontend/css/style.css]
[www.revomac.in/assets/frontend/css/swiper.css]
[www.revomac.in/assets/frontend/css/dark.css]
[www.revomac.in/assets/frontend/css/font-icons.css]
[www.revomac.in/assets/frontend/css/animate.css]
[www.revomac.in/assets/frontend/css/magnific-popup.css]
[www.revomac.in/assets/frontend/css/theme-elements.css]
[www.revomac.in/vendor/fontawesome-free/css/all.min.css]
[www.revomac.in/assets/frontend/css/responsive.css]
[www.revomac.in/vendor/animate/animate.min.css]
[www.revomac.in/assets/frontend/css/custom.css]
[www.revomac.in/assets/frontend/images/logo-white.png]
[www.revomac.in/assets/frontend/images/logo-color.png]
[connect.facebook.net/en_US/fbevents.js]
[www.revomac.in/assets/frontend/images/concrete-products/kerb-stone.png]
[www.revomac.in/assets/frontend/images/concrete-products/paver-block.png]
[www.revomac.in/assets/frontend/images/concrete-products/retain-block.png]
[www.revomac.in/assets/frontend/images/concrete-products/solid-block.png]
[www.revomac.in/assets/frontend/images/concrete-products/ventilation-block.png]
[www.revomac.in/assets/frontend/js/jquery.js]
[www.revomac.in/assets/frontend/js/plugins.js]
[www.revomac.in/vendor/bootstrap/js/bootstrap.min.js]
[www.revomac.in/vendor/jquery.appear/jquery.appear.min.js]
[www.revomac.in/vendor/jquery.easing/jquery.easing.min.js]
[www.revomac.in/vendor/jquery.cookie/jquery.cookie.min.js]
[www.revomac.in/vendor/popper/umd/popper.min.js]
[www.revomac.in/vendor/common/common.min.js]
[www.revomac.in/vendor/vivus/vivus.min.js]
[www.revomac.in/assets/frontend/js/functions.js]
[www.revomac.in/assets/frontend/js/theme.js]
[www.revomac.in/assets/frontend/js/theme.init.js]
[www.revomac.in/vendor/rs-plugin/js/jquery.themepunch.tools.min.js]
[revomac.in/index.html]
[www.revomac.in/vendor/rs-plugin/js/jquery.themepunch.revolution.min.js]
[www.revomac.in/vendor/rs-plugin/assets/gridtile.png]
[www.revomac.in/vendor/rs-plugin/assets/gridtile_white.png]
[www.revomac.in/vendor/rs-plugin/assets/gridtile_3x3.png]
[www.revomac.in/vendor/rs-plugin/assets/gridtile_3x3_white.png]
[www.revomac.in/vendor/rs-plugin/assets/coloredbg.png]
[www.revomac.in/vendor/rs-plugin/assets/loader.gif]
[www.revomac.in/vendor/rs-plugin/css/settings.css]
[www.revomac.in/vendor/rs-plugin/css/layers.css]
[www.revomac.in/assets/frontend/css/bootstrap.css]
[www.revomac.in/assets/frontend/css/images/preloader.gif]
[www.revomac.in/assets/frontend/css/style.css]
[www.revomac.in/assets/frontend/css/swiper.css]
[www.revomac.in/assets/frontend/images/pattern2.png]
[www.revomac.in/assets/frontend/css/dark.css]
[www.revomac.in/assets/frontend/css/fonts/font-icons.eot]
[www.revomac.in/assets/frontend/css/fonts/font-icons.woff]
[www.revomac.in/assets/frontend/css/fonts/font-icons.ttf]
[www.revomac.in/assets/frontend/css/fonts/lined-icons.eot]
[www.revomac.in/assets/frontend/css/fonts/lined-icons.woff]
[www.revomac.in/assets/frontend/css/fonts/lined-icons.ttf]
[www.revomac.in/assets/frontend/css/fonts/Simple-Line-Icons.eot]
[www.revomac.in/assets/frontend/css/fonts/Simple-Line-Iconsd41d.eot]
[www.revomac.in/assets/frontend/css/fonts/Simple-Line-Icons.woff]
[www.revomac.in/assets/frontend/css/fonts/Simple-Line-Icons.ttf]
[www.revomac.in/assets/frontend/css/font-icons.css]
[www.revomac.in/assets/frontend/css/animate.css]
[www.revomac.in/assets/frontend/css/magnific-popup.css]
[www.revomac.in/assets/frontend/images/arrows.png]
[www.revomac.in/assets/frontend/images/arrows-dark.png]
[www.revomac.in/assets/frontend/css/theme-elements.css]
[www.revomac.in/vendor/fontawesome-free/css/all.min.css]
[www.revomac.in/assets/frontend/css/responsive.css]
[www.revomac.in/vendor/animate/animate.min.css]
[www.revomac.in/assets/frontend/css/custom.css]
[connect.facebook.net/en_US/fbevents.js]
[www.revomac.in/vendor/rs-plugin/css/openhand.html]
[www.revomac.in/vendor/rs-plugin/css/closedhand.html]
[www.revomac.in/assets/frontend/css/images/icons/submenu.html]
[www.revomac.in/assets/frontend/css/images/icons/menu-divider.html]
[www.revomac.in/assets/frontend/css/images/icons/close.html]
[www.revomac.in/assets/frontend/css/images/pattern2.html]
[www.revomac.in/assets/frontend/css/images/grid.html]
[www.revomac.in/assets/frontend/css/images/pattern.html]
[www.revomac.in/assets/frontend/css/images/parallax/parallax-bg.html]
[www.revomac.in/assets/frontend/css/images/icons/iconalt.html]
[www.revomac.in/assets/frontend/css/images/icons/play.html]
[www.revomac.in/assets/frontend/css/images/icons/dotted.html]
[www.revomac.in/assets/frontend/css/images/icons/widget-comment.html]
[www.revomac.in/assets/frontend/css/images/icons/widget-link.html]
[www.revomac.in/assets/frontend/images/icons/submenu-dark.html]
[www.revomac.in/assets/frontend/images/preloader-dark.html]
[www.revomac.in/assets/frontend/images/icons/widget-comment-dark.html]
[www.revomac.in/assets/frontend/images/icons/widget-link-dark.html]
[www.revomac.in/assets/frontend/css/fonts/font-icons.svg]
[www.revomac.in/assets/frontend/css/fonts/lined-icons.svg]
[www.revomac.in/assets/frontend/css/fonts/Simple-Line-Icons.svg]
[www.revomac.in/assets/frontend/images/patterns/worn_dots.html]
[www.revomac.in/assets/frontend/images/patterns/az_subtle.html]
[www.revomac.in/assets/frontend/images/flags.html]
[www.revomac.in/assets/frontend/images/pencil-blue-line.html]
[www.revomac.in/assets/frontend/images/overlay-dot.html]
[www.revomac.in/assets/frontend/images/map.html]
[www.revomac.in/assets/frontend/images/home/home-concept.html]
[www.revomac.in/assets/frontend/images/home/home-concept-item.html]
[www.revomac.in/assets/frontend/images/home/home-concept-icons.html]
[www.revomac.in/assets/frontend/images/icons/submenu.html]
[www.revomac.in/assets/frontend/images/preloader@2x.html]
[www.revomac.in/assets/frontend/images/preloader-dark@2x.html]
[www.revomac.in/assets/frontend/images/icons/widget-comment@2x.html]
[www.revomac.in/assets/frontend/images/icons/widget-link@2x.html]
[www.revomac.in/assets/frontend/images/icons/widget-comment-dark@2x.html]
[www.revomac.in/assets/frontend/images/icons/widget-link-dark@2x.html]
[revomac.in/a.html]
[revomac.in/POST.html]
[revomac.in/schema.org/index.html]
[revomac.in/b.html]
[revomac.in/signals/iwl.html]
